15:45:44 **** Incremental Build of configuration Debug for project FirstProject ****
make -j8 all 
Building file: ../src/main.c
Building file: ../src/stm32f7xx_hal_msp.c
Building file: ../src/stm32f7xx_it.c
Building file: ../src/system_stm32f7xx.c
Invoking: MCU GCC Compiler
Invoking: MCU GCC Compiler
Invoking: MCU GCC Compiler
Invoking: MCU GCC Compiler
C:\Users\STADD\Desktop\greenfox\STADD\week-08\day-1\FirstProject\Debug
C:\Users\STADD\Desktop\greenfox\STADD\week-08\day-1\FirstProject\Debug
arm-none-eabi-gcc -mcpu=cortex-m7 -mthumb -mfloat-abi=hard -mfpu=fpv5-sp-d16 -DSTM32 -DSTM32F7 -DSTM32F746NGHx -DSTM32F746G_DISCO -DDEBUG -DSTM32F746xx -DUSE_HAL_DRIVER -I"C:/Users/STADD/Desktop/greenfox/STADD/week-08/day-1/FirstProject/Utilities/Components/ampire480272" -I"C:/Users/STADD/Desktop/greenfox/STADD/week-08/day-1/FirstProject/Utilities/Components/n25q512a" -I"C:/Users/STADD/Desktop/greenfox/STADD/week-08/day-1/FirstProject/Utilities/Components/s5k5cag" -I"C:/Users/STADD/Desktop/greenfox/STADD/week-08/day-1/FirstProject/Utilities/Components/mfxstm32l152" -I"C:/Users/STADD/Desktop/greenfox/STADD/week-08/day-1/FirstProject/CMSIS/device" -I"C:/Users/STADD/Desktop/greenfox/STADD/week-08/day-1/FirstProject/Utilities/Components/n25q128a" -I"C:/Users/STADD/Desktop/greenfox/STADD/week-08/day-1/FirstProject/Utilities/Components/ts3510" -I"C:/Users/STADD/Desktop/greenfox/STADD/week-08/day-1/FirstProject/Utilities/Components/st7735" -I"C:/Users/STADD/Desktop/greenfox/STADD/week-08/day-1/FirstProject/Utilities/Components/rk043fn48h" -I"C:/Users/STADD/Desktop/greenfox/STADD/week-08/day-1/FirstProject/HAL_Driver/Inc/Legacy" -I"C:/Users/STADD/Desktop/greenfox/STADD/week-08/day-1/FirstProject/Utilities/Components/ov9655" -I"C:/Users/STADD/Desktop/greenfox/STADD/week-08/day-1/FirstProject/Utilities/Components/otm8009a" -I"C:/Users/STADD/Desktop/greenfox/STADD/week-08/day-1/FirstProject/Utilities/STM32746G-Discovery" -I"C:/Users/STADD/Desktop/greenfox/STADD/week-08/day-1/FirstProject/Utilities/Components/Common" -I"C:/Users/STADD/Desktop/greenfox/STADD/week-08/day-1/FirstProject/HAL_Driver/Inc" -I"C:/Users/STADD/Desktop/greenfox/STADD/week-08/day-1/FirstProject/Utilities/Components/stmpe811" -I"C:/Users/STADD/Desktop/greenfox/STADD/week-08/day-1/FirstProject/Utilities/Components/wm8994" -I"C:/Users/STADD/Desktop/greenfox/STADD/week-08/day-1/FirstProject/Utilities/Fonts" -I"C:/Users/STADD/Desktop/greenfox/STADD/week-08/day-1/FirstProject/Utilities/Components/ft5336" -I"C:/Users/STADD/Desktop/greenfox/STADD/week-08/day-1/FirstProject/inc" -I"C:/Users/STADD/Desktop/greenfox/STADD/week-08/day-1/FirstProject/Utilities/Components/ft6x06" -I"C:/Users/STADD/Desktop/greenfox/STADD/week-08/day-1/FirstProject/Utilities/Components/exc7200" -I"C:/Users/STADD/Desktop/greenfox/STADD/week-08/day-1/FirstProject/Utilities/Components/st7789h2" -I"C:/Users/STADD/Desktop/greenfox/STADD/week-08/day-1/FirstProject/Utilities/Log" -I"C:/Users/STADD/Desktop/greenfox/STADD/week-08/day-1/FirstProject/Utilities/Components/adv7533" -I"C:/Users/STADD/Desktop/greenfox/STADD/week-08/day-1/FirstProject/Utilities/Components/ampire640480" -I"C:/Users/STADD/Desktop/greenfox/STADD/week-08/day-1/FirstProject/CMSIS/core" -I"C:/Users/STADD/Desktop/greenfox/STADD/week-08/day-1/FirstProject/Utilities/Components/mx25l512" -O0 -g3 -Wall -fmessage-length=0 -ffunction-sections -c -MMD -MP -MF"src/main.d" -MT"src/main.o" -o "src/main.o" "../src/main.c"
C:\Users\STADD\Desktop\greenfox\STADD\week-08\day-1\FirstProject\Debug
C:\Users\STADD\Desktop\greenfox\STADD\week-08\day-1\FirstProject\Debug
arm-none-eabi-gcc -mcpu=cortex-m7 -mthumb -mfloat-abi=hard -mfpu=fpv5-sp-d16 -DSTM32 -DSTM32F7 -DSTM32F746NGHx -DSTM32F746G_DISCO -DDEBUG -DSTM32F746xx -DUSE_HAL_DRIVER -I"C:/Users/STADD/Desktop/greenfox/STADD/week-08/day-1/FirstProject/Utilities/Components/ampire480272" -I"C:/Users/STADD/Desktop/greenfox/STADD/week-08/day-1/FirstProject/Utilities/Components/n25q512a" -I"C:/Users/STADD/Desktop/greenfox/STADD/week-08/day-1/FirstProject/Utilities/Components/s5k5cag" -I"C:/Users/STADD/Desktop/greenfox/STADD/week-08/day-1/FirstProject/Utilities/Components/mfxstm32l152" -I"C:/Users/STADD/Desktop/greenfox/STADD/week-08/day-1/FirstProject/CMSIS/device" -I"C:/Users/STADD/Desktop/greenfox/STADD/week-08/day-1/FirstProject/Utilities/Components/n25q128a" -I"C:/Users/STADD/Desktop/greenfox/STADD/week-08/day-1/FirstProject/Utilities/Components/ts3510" -I"C:/Users/STADD/Desktop/greenfox/STADD/week-08/day-1/FirstProject/Utilities/Components/st7735" -I"C:/Users/STADD/Desktop/greenfox/STADD/week-08/day-1/FirstProject/Utilities/Components/rk043fn48h" -I"C:/Users/STADD/Desktop/greenfox/STADD/week-08/day-1/FirstProject/HAL_Driver/Inc/Legacy" -I"C:/Users/STADD/Desktop/greenfox/STADD/week-08/day-1/FirstProject/Utilities/Components/ov9655" -I"C:/Users/STADD/Desktop/greenfox/STADD/week-08/day-1/FirstProject/Utilities/Components/otm8009a" -I"C:/Users/STADD/Desktop/greenfox/STADD/week-08/day-1/FirstProject/Utilities/STM32746G-Discovery" -I"C:/Users/STADD/Desktop/greenfox/STADD/week-08/day-1/FirstProject/Utilities/Components/Common" -I"C:/Users/STADD/Desktop/greenfox/STADD/week-08/day-1/FirstProject/HAL_Driver/Inc" -I"C:/Users/STADD/Desktop/greenfox/STADD/week-08/day-1/FirstProject/Utilities/Components/stmpe811" -I"C:/Users/STADD/Desktop/greenfox/STADD/week-08/day-1/FirstProject/Utilities/Components/wm8994" -I"C:/Users/STADD/Desktop/greenfox/STADD/week-08/day-1/FirstProject/Utilities/Fonts" -I"C:/Users/STADD/Desktop/greenfox/STADD/week-08/day-1/FirstProject/Utilities/Components/ft5336" -I"C:/Users/STADD/Desktop/greenfox/STADD/week-08/day-1/FirstProject/inc" -I"C:/Users/STADD/Desktop/greenfox/STADD/week-08/day-1/FirstProject/Utilities/Components/ft6x06" -I"C:/Users/STADD/Desktop/greenfox/STADD/week-08/day-1/FirstProject/Utilities/Components/exc7200" -I"C:/Users/STADD/Desktop/greenfox/STADD/week-08/day-1/FirstProject/Utilities/Components/st7789h2" -I"C:/Users/STADD/Desktop/greenfox/STADD/week-08/day-1/FirstProject/Utilities/Log" -I"C:/Users/STADD/Desktop/greenfox/STADD/week-08/day-1/FirstProject/Utilities/Components/adv7533" -I"C:/Users/STADD/Desktop/greenfox/STADD/week-08/day-1/FirstProject/Utilities/Components/ampire640480" -I"C:/Users/STADD/Desktop/greenfox/STADD/week-08/day-1/FirstProject/CMSIS/core" -I"C:/Users/STADD/Desktop/greenfox/STADD/week-08/day-1/FirstProject/Utilities/Components/mx25l512" -O0 -g3 -Wall -fmessage-length=0 -ffunction-sections -c -MMD -MP -MF"src/stm32f7xx_hal_msp.d" -MT"src/stm32f7xx_hal_msp.o" -o "src/stm32f7xx_hal_msp.o" "../src/stm32f7xx_hal_msp.c"
arm-none-eabi-gcc -mcpu=cortex-m7 -mthumb -mfloat-abi=hard -mfpu=fpv5-sp-d16 -DSTM32 -DSTM32F7 -DSTM32F746NGHx -DSTM32F746G_DISCO -DDEBUG -DSTM32F746xx -DUSE_HAL_DRIVER -I"C:/Users/STADD/Desktop/greenfox/STADD/week-08/day-1/FirstProject/Utilities/Components/ampire480272" -I"C:/Users/STADD/Desktop/greenfox/STADD/week-08/day-1/FirstProject/Utilities/Components/n25q512a" -I"C:/Users/STADD/Desktop/greenfox/STADD/week-08/day-1/FirstProject/Utilities/Components/s5k5cag" -I"C:/Users/STADD/Desktop/greenfox/STADD/week-08/day-1/FirstProject/Utilities/Components/mfxstm32l152" -I"C:/Users/STADD/Desktop/greenfox/STADD/week-08/day-1/FirstProject/CMSIS/device" -I"C:/Users/STADD/Desktop/greenfox/STADD/week-08/day-1/FirstProject/Utilities/Components/n25q128a" -I"C:/Users/STADD/Desktop/greenfox/STADD/week-08/day-1/FirstProject/Utilities/Components/ts3510" -I"C:/Users/STADD/Desktop/greenfox/STADD/week-08/day-1/FirstProject/Utilities/Components/st7735" -I"C:/Users/STADD/Desktop/greenfox/STADD/week-08/day-1/FirstProject/Utilities/Components/rk043fn48h" -I"C:/Users/STADD/Desktop/greenfox/STADD/week-08/day-1/FirstProject/HAL_Driver/Inc/Legacy" -I"C:/Users/STADD/Desktop/greenfox/STADD/week-08/day-1/FirstProject/Utilities/Components/ov9655" -I"C:/Users/STADD/Desktop/greenfox/STADD/week-08/day-1/FirstProject/Utilities/Components/otm8009a" -I"C:/Users/STADD/Desktop/greenfox/STADD/week-08/day-1/FirstProject/Utilities/STM32746G-Discovery" -I"C:/Users/STADD/Desktop/greenfox/STADD/week-08/day-1/FirstProject/Utilities/Components/Common" -I"C:/Users/STADD/Desktop/greenfox/STADD/week-08/day-1/FirstProject/HAL_Driver/Inc" -I"C:/Users/STADD/Desktop/greenfox/STADD/week-08/day-1/FirstProject/Utilities/Components/stmpe811" -I"C:/Users/STADD/Desktop/greenfox/STADD/week-08/day-1/FirstProject/Utilities/Components/wm8994" -I"C:/Users/STADD/Desktop/greenfox/STADD/week-08/day-1/FirstProject/Utilities/Fonts" -I"C:/Users/STADD/Desktop/greenfox/STADD/week-08/day-1/FirstProject/Utilities/Components/ft5336" -I"C:/Users/STADD/Desktop/greenfox/STADD/week-08/day-1/FirstProject/inc" -I"C:/Users/STADD/Desktop/greenfox/STADD/week-08/day-1/FirstProject/Utilities/Components/ft6x06" -I"C:/Users/STADD/Desktop/greenfox/STADD/week-08/day-1/FirstProject/Utilities/Components/exc7200" -I"C:/Users/STADD/Desktop/greenfox/STADD/week-08/day-1/FirstProject/Utilities/Components/st7789h2" -I"C:/Users/STADD/Desktop/greenfox/STADD/week-08/day-1/FirstProject/Utilities/Log" -I"C:/Users/STADD/Desktop/greenfox/STADD/week-08/day-1/FirstProject/Utilities/Components/adv7533" -I"C:/Users/STADD/Desktop/greenfox/STADD/week-08/day-1/FirstProject/Utilities/Components/ampire640480" -I"C:/Users/STADD/Desktop/greenfox/STADD/week-08/day-1/FirstProject/CMSIS/core" -I"C:/Users/STADD/Desktop/greenfox/STADD/week-08/day-1/FirstProject/Utilities/Components/mx25l512" -O0 -g3 -Wall -fmessage-length=0 -ffunction-sections -c -MMD -MP -MF"src/stm32f7xx_it.d" -MT"src/stm32f7xx_it.o" -o "src/stm32f7xx_it.o" "../src/stm32f7xx_it.c"
arm-none-eabi-gcc -mcpu=cortex-m7 -mthumb -mfloat-abi=hard -mfpu=fpv5-sp-d16 -DSTM32 -DSTM32F7 -DSTM32F746NGHx -DSTM32F746G_DISCO -DDEBUG -DSTM32F746xx -DUSE_HAL_DRIVER -I"C:/Users/STADD/Desktop/greenfox/STADD/week-08/day-1/FirstProject/Utilities/Components/ampire480272" -I"C:/Users/STADD/Desktop/greenfox/STADD/week-08/day-1/FirstProject/Utilities/Components/n25q512a" -I"C:/Users/STADD/Desktop/greenfox/STADD/week-08/day-1/FirstProject/Utilities/Components/s5k5cag" -I"C:/Users/STADD/Desktop/greenfox/STADD/week-08/day-1/FirstProject/Utilities/Components/mfxstm32l152" -I"C:/Users/STADD/Desktop/greenfox/STADD/week-08/day-1/FirstProject/CMSIS/device" -I"C:/Users/STADD/Desktop/greenfox/STADD/week-08/day-1/FirstProject/Utilities/Components/n25q128a" -I"C:/Users/STADD/Desktop/greenfox/STADD/week-08/day-1/FirstProject/Utilities/Components/ts3510" -I"C:/Users/STADD/Desktop/greenfox/STADD/week-08/day-1/FirstProject/Utilities/Components/st7735" -I"C:/Users/STADD/Desktop/greenfox/STADD/week-08/day-1/FirstProject/Utilities/Components/rk043fn48h" -I"C:/Users/STADD/Desktop/greenfox/STADD/week-08/day-1/FirstProject/HAL_Driver/Inc/Legacy" -I"C:/Users/STADD/Desktop/greenfox/STADD/week-08/day-1/FirstProject/Utilities/Components/ov9655" -I"C:/Users/STADD/Desktop/greenfox/STADD/week-08/day-1/FirstProject/Utilities/Components/otm8009a" -I"C:/Users/STADD/Desktop/greenfox/STADD/week-08/day-1/FirstProject/Utilities/STM32746G-Discovery" -I"C:/Users/STADD/Desktop/greenfox/STADD/week-08/day-1/FirstProject/Utilities/Components/Common" -I"C:/Users/STADD/Desktop/greenfox/STADD/week-08/day-1/FirstProject/HAL_Driver/Inc" -I"C:/Users/STADD/Desktop/greenfox/STADD/week-08/day-1/FirstProject/Utilities/Components/stmpe811" -I"C:/Users/STADD/Desktop/greenfox/STADD/week-08/day-1/FirstProject/Utilities/Components/wm8994" -I"C:/Users/STADD/Desktop/greenfox/STADD/week-08/day-1/FirstProject/Utilities/Fonts" -I"C:/Users/STADD/Desktop/greenfox/STADD/week-08/day-1/FirstProject/Utilities/Components/ft5336" -I"C:/Users/STADD/Desktop/greenfox/STADD/week-08/day-1/FirstProject/inc" -I"C:/Users/STADD/Desktop/greenfox/STADD/week-08/day-1/FirstProject/Utilities/Components/ft6x06" -I"C:/Users/STADD/Desktop/greenfox/STADD/week-08/day-1/FirstProject/Utilities/Components/exc7200" -I"C:/Users/STADD/Desktop/greenfox/STADD/week-08/day-1/FirstProject/Utilities/Components/st7789h2" -I"C:/Users/STADD/Desktop/greenfox/STADD/week-08/day-1/FirstProject/Utilities/Log" -I"C:/Users/STADD/Desktop/greenfox/STADD/week-08/day-1/FirstProject/Utilities/Components/adv7533" -I"C:/Users/STADD/Desktop/greenfox/STADD/week-08/day-1/FirstProject/Utilities/Components/ampire640480" -I"C:/Users/STADD/Desktop/greenfox/STADD/week-08/day-1/FirstProject/CMSIS/core" -I"C:/Users/STADD/Desktop/greenfox/STADD/week-08/day-1/FirstProject/Utilities/Components/mx25l512" -O0 -g3 -Wall -fmessage-length=0 -ffunction-sections -c -MMD -MP -MF"src/system_stm32f7xx.d" -MT"src/system_stm32f7xx.o" -o "src/system_stm32f7xx.o" "../src/system_stm32f7xx.c"
Finished building: ../src/stm32f7xx_hal_msp.c
 
Finished building: ../src/stm32f7xx_it.c
 
Finished building: ../src/main.c
Finished building: ../src/system_stm32f7xx.c
 
 
Building target: FirstProject.elf
Invoking: MCU GCC Linker
arm-none-eabi-gcc -mcpu=cortex-m7 -mthumb -mfloat-abi=hard -mfpu=fpv5-sp-d16 -T"C:/Users/STADD/Desktop/greenfox/STADD/week-08/day-1/FirstProject/LinkerScript.ld" -Wl,-Map=output.map -Wl,--gc-sections -o "FirstProject.elf" @"objects.list"   -lm
Finished building target: FirstProject.elf
 
C:/Ac6/SystemWorkbench/plugins/fr.ac6.mcu.externaltools.arm-none.win32_1.16.0.201807130628/tools/make/make --no-print-directory post-build
Generating binary and Printing size information:
arm-none-eabi-objcopy -O binary "FirstProject.elf" "FirstProject.bin"
arm-none-eabi-size "FirstProject.elf"
   text	   data	    bss	    dec	    hex	filename
   6648	   1096	   1604	   9348	   2484	FirstProject.elf
 

15:45:47 Build Finished (took 3s.422ms)

